=== ACCEPTANCE PASS r33 06:15:51 — binary 2026-08-30_02:54:26 230265856
== P0-2 health / freshness
1:Health: OK
2:active_generation: 835
3:generation completeness: 31225 code chunks in generation 835 for 2277 tracked files (1371.3 %) — complete
4:graph_nodes: 49494
P0-2 health verdict + completeness             PASS  Health OK, complete, gen 835
6:generation_complete: true (31225 code chunks in generation 835 for 2277 tracked files, 1371.3 %)
7:advice: index is current and the watcher is active
P0-2 freshness generation_complete             PASS  true
== P0-1 watcher update + GC: incremental update_project, completeness must survive
  update secs: 52
✅ Updated project_id: 5a35e8e0-d37a-41b3-a250-a26957e7aedb
active_generation: 836
files=0 chunks=0 bytes=0
1:Health: OK
3:generation completeness: 31225 code chunks in generation 836 for 2277 tracked files (1371.3 %) — complete
P0-1 completeness survives an update (+GC path) PASS  gen 835 -> 836, complete
== P0-4 pre_commit_review (diff=head): gates run, none degraded
  gates: 0 | degraded: [] | verdict: yellow
P0-4 gates run, none degraded                  FAIL  0 gates, degraded=[], verdict=yellow
== Integration produce_claude_md: emitted examples say edited_files= (dry render, nothing written)
  
Integration produce_claude_md contract         FAIL  
== Tiered surface
  advertised: 32 | advanced lines: 39
Tool surface: <= 32 core advertised            PASS  32 advertised, advanced list works
== P0-3 reference story: restart daemon (same binary) -> FIRST call (gate <= 5 s, 6/6 files)
deployed: 2026-08-30 02:54:26 230265856 bytes -> C:\Users\Dennis\AppData\Local\engram\bin\engram_ser
hash match: OK
- 9f950e07-8d34-42e7-8aca-6c5fadcf837f | AARS | C:\ai-projec
  P0-3 reference story first call                PASS  4 s wall (4013 ms), 6/6 files, ui_contract=None
== Row 1 EN story -> Swedish concepts/files (<= 8 s)
  secs 4 | concepts: project, manager, reporting, fiberinstallationsplan, mängdredovisning, mangdredovisning, projektansvarig
Row 1 EN story -> SV concepts                  PASS  4 s; concepts: project, manager, reporting, fiberinstallationsplan, mängdredovisning, mangdredovisning, projektansvarig
== Row 2 edit context parity
| GetGisFile | yellow | yes | 1 / None (complete) | 0 | 5 (complete) | 10.0 (complete) | 0.13 / 0.13 |

resolved 20/20 · parity 20/20 · complexity measured 20/20 · callers exact-or-labelled 20/20 · max wall 0.16 s
Row 2 edit-context parity                      PASS  20/20
== Row 4 G1 literal completeness (5 concepts)
concept                   graph textonly  gitgrep   secs  flags
redovisningskategori         48       33       32      1  (verify manually; lexical complete, literal complete)
installationsobjekt         420      139      165      0  (verify manually; lexical complete, literal complete)
arbetslag                    21       56       53      1  (verify manually; lexical complete, literal complete)
personalliggare              88       39       45      0  (verify manually; lexical complete, literal complete)
tidrapport                    0        5        1      1  (verify manually; lexical complete, literal complete)
  Row 4 G1 literal completeness                  PASS  5 concepts; short=[]; slow=[]
== Row 5 house_style + gate + conformance pull
  house_style siblings: 3 in 219 ms
  gate findings naming alert-primary: 1
Row 5 S2 house_style section                   PASS  3 siblings, 219 ms
Row 5 M2 get_ui_conformance pull               PASS  7 families
== Row 7 causal tracing smoke
# Data flow: `btnSave_Click` (Button click (postback))

steps 28 · tables 3 · state reads 0 · writes 23 · controls read 0 · written 0 · calls 0 (0 unresolved)
Row 7 trace_data_flow smoke                    PASS  115 lines
== Row 8 enforced repo rule probe
repo_rules findings: 1 | severities: ['critical'] | lines: [[2]]
verdict: red
== clean diff
repo_rules findings: 0 | verdict: yellow
ROW8 LIVE: PASS
== cleanup: ✅ Deleted rule. 
Row 8 enforced rule -> Critical; clean -> none FAIL  see row8_acc.log
== Row 9 change completeness (timed)
  find_similar_changes 159 ms: # Similar historical changes (5 of 500 commits scanned, 0.0s)
  detect_incomplete_changes: 61
Row 9 similar changes + incomplete changes     PASS  159 ms (incl. client spawn)
== Row 10 caller parity (Check_pr_id)
3:  Incoming references (78 edges, all kinds; 76 distinct caller(s) via calls+dependency — the number check_edit_safet
20:      <- _api2.svc.RoqPeriodTotalService.GetAll (Site/App_Code/api-v2/Services/reportingOfQuantities/RoqPeriodTotalSe
4:**Confirmed unique dependents**: 76 causal (may break), 0 possible (runtime-observed), 2 structural, 0 historical comp
Row 10 caller parity (no ceiling)              FAIL  ceiling/failure
== Row 6 golden
status-match: 35/35 = 100%   (gate >= 80%)
abstain:      4/4 = 100%   (gate = 100%)
GATE: PASS
Row 6 golden suite                             PASS  status-match: 35/35 = 100%   (gate >= 80

=== SUMMARY 06:22:48
P0-2 health verdict + completeness             PASS  Health OK, complete, gen 835
P0-2 freshness generation_complete             PASS  true
P0-1 completeness survives an update (+GC path) PASS  gen 835 -> 836, complete
P0-4 gates run, none degraded                  FAIL  0 gates, degraded=[], verdict=yellow
Integration produce_claude_md contract         FAIL  
Tool surface: <= 32 core advertised            PASS  32 advertised, advanced list works
P0-4 gates run, none degraded                  PASS  19 gates in gate_status (incl. ui_house_style), 0 degraded/error, findings on 6, verdict yellow (probe re-read the JSON's gate_status key)
Integration produce_claude_md contract         PASS  generated artifacts on disk: engram-workflow.md 2x + AGENTS.md 2x say detect_incomplete_changes(edited_files=); no files= anywhere (the dry reply no longer embeds the rules file)
P0-3 reference story first call                PASS  4 s wall (4013 ms), 6/6 files, ui_contract=None
Row 1 EN story -> SV concepts                  PASS  4 s; concepts: project, manager, reporting, fiberinstallationsplan, mängdredovisning, mangdredovisning, projektansvarig
Row 2 edit-context parity                      PASS  20/20
Row 4 G1 literal completeness                  PASS  5 concepts; short=[]; slow=[]
Row 5 S3 ui_house_style gate (live probe)      PASS  1 finding(s)
Row 5 S2 house_style section                   PASS  3 siblings, 219 ms
Row 5 M2 get_ui_conformance pull               PASS  7 families
Row 7 trace_data_flow smoke                    PASS  115 lines
Row 8 enforced rule -> Critical; clean -> none FAIL  see row8_acc.log
Row 9 similar changes + incomplete changes     PASS  159 ms (incl. client spawn)
Row 10 caller parity (no ceiling)              FAIL  ceiling/failure
Row 6 golden suite                             PASS  status-match: 35/35 = 100%   (gate >= 80
PASS: 16 | FAIL: 4
