== start the daemon and let the warm-up run 09:11:33
- 9f950e07-8d34-42e7-8aca-6c5fadcf837f | AARS | C:\ai-projects\AARS
== REPAIR (full, same id, wipe+reindex) 09:12:48
  repair exit 0 after 118 s
2:active_generation: 848
3:files=2277 chunks=31263
== settle 09:14:46
== health 09:17:16
1:Health: OK
3:generation completeness: generation 848 — expected paths: 2277; tantivy: 2277, vectors: 2277, graph: 2277; missing: 0, extra: 0, cross-store mismatch: 0; chunks 31263 / vector rows 31263 (diagnostic) — complete (mi
== route pass log line
2026-08-31T07:14:46.518488Z  INFO engram_graph::store: resolve_route_edges: project_id=5a35e8e0-d37a-41b3-a250-a26957e7aedb api_calls=432 added=313 ambiguous=1 unbound=1
== ROUTE PROBES 09:17:18
  getimg: Incoming references (4 edges | ts sources: Q/api/ajax.ts 
  DeleteChangeRequest: Incoming references (5 edges | ts sources: modules/dashboard/ts/caw/caw/caw.ts 
  ioCheckCanUserDeleteOrMoveMarker: Incoming references (5 edges | ts sources: modules/dashboard/ts/map/vsMap/iomarker/ioMarker.ts 
  iopGetAvailableImages: Incoming references (7 edges | ts sources: modules/dashboard/ts/map/vsMap/iomarker/ioMarkerInfowindow.ts 
  fjGet: Incoming references (9 edges | ts sources: modules/dashboard/ts/installation/installation/installation.ts ts/fbinstplan/app.ts 
  prGetSubProjects: Incoming references (6 edges | ts sources: ts/taskManagement/taskManager.ts 
== CAUSAL golden (20) r50 09:17:20
causal exit 0
status-match: 20/20 = 100%   (gate >= 80%)
abstain:      0/0 = 100%   (gate = 100%)
correct:      20/20 = 100%   (gate = 100%: status + required modality + required symbols + no forbidden distractor + precision)
GATE: PASS
== GOLDEN v2 (35) r50 09:17:54
golden exit 1
status-match: 35/35 = 100%   (gate >= 80%)
abstain:      4/4 = 100%   (gate = 100%)
correct:      34/35 = 97%   (gate = 100%: status + required modality + required symbols + no forbidden distractor + precision)
  FAIL ox_multi_4: required symbols/files not cited: ['api-images']
GATE: FAIL
== reference story RANKS (1st) 09:19:04
  PASS productioncodelistmaincategory.aspx: pos=13 signals=['name', 'vector']
  PASS productioncodelistmaincategory.aspx.vb: pos=14 signals=['name', 'vector']
  PASS rk_redovisningskategorier.sql: pos=3 signals=['cochange', 'concept', 'gloss']
  PASS redovisningskategorier.vb: pos=20 signals=['cochange', 'concept', 'gloss', 'vector']
  PASS api-redovisning.vb: pos=26 signals=['concept', 'gloss', 'vector']
  PASS ifalt.dbml: pos=5 signals=['concept', 'gloss', 'vector']
  candidates 160 | RANK ACCEPTANCE: 6/6
== co-change state
- co-change: complete (41 hits, 250 ms)
== reference story RANKS (2nd) 09:19:19
  PASS productioncodelistmaincategory.aspx: pos=13 signals=['name', 'vector']
  PASS productioncodelistmaincategory.aspx.vb: pos=14 signals=['name', 'vector']
  PASS rk_redovisningskategorier.sql: pos=3 signals=['cochange', 'concept', 'gloss']
  PASS redovisningskategorier.vb: pos=20 signals=['cochange', 'concept', 'gloss', 'vector']
  PASS api-redovisning.vb: pos=26 signals=['concept', 'gloss', 'vector']
  PASS ifalt.dbml: pos=5 signals=['concept', 'gloss', 'vector']
  candidates 160 | RANK ACCEPTANCE: 6/6
== DONE 09:19:25
